37.204.165.170 - - [16/Jun/2018:19:49:14 +0300] "GET /jquery-ui/development-bundle/themes/base/jquery.ui.core.css HTTP/1.0" 200 312 "http://crm.ru/?enter=1" "Mozilla/5.0 (Windows NT 10.0; WOW64) AppleWebKit/537.36 (KHTML, like Gecko) Chrome/65.0.3325.181 YaBrowser/18.4.1.871 Yowser/2.5 Safari/537.36"
37.204.165.170 - - [16/Jun/2018:19:49:14 +0300] "GET /jquery-ui/development-bundle/themes/base/jquery.ui.selectable.css HTTP/1.0" 200 622 "http://crm.ru/?enter=1" "Mozilla/5.0 (Windows NT 10.0; WOW64) AppleWebKit/537.36 (KHTML, like Gecko) Chrome/65.0.3325.181 YaBrowser/18.4.1.871 Yowser/2.5 Safari/537.36"
37.204.165.170 - - [16/Jun/2018:19:49:14 +0300] "GET /jquery-ui/development-bundle/themes/base/jquery.ui.resizable.css HTTP/1.0" 200 317 "http://crm.ru/?enter=1" "Mozilla/5.0 (Windows NT 10.0; WOW64) AppleWebKit/537.36 (KHTML, like Gecko) Chrome/65.0.3325.181 YaBrowser/18.4.1.871 Yowser/2.5 Safari/537.36"
37.204.165.170 - - [16/Jun/2018:19:49:14 +0300] "GET /jquery-ui/development-bundle/themes/base/jquery.ui.accordion.css HTTP/1.0" 200 317 "http://crm.ru/?enter=1" "Mozilla/5.0 (Windows NT 10.0; WOW64) AppleWebKit/537.36 (KHTML, like Gecko) Chrome/65.0.3325.181 YaBrowser/18.4.1.871 Yowser/2.5 Safari/537.36"
37.204.165.170 - - [16/Jun/2018:19:49:14 +0300] "GET /jquery-ui/development-bundle/themes/base/jquery.ui.autocomplete.css HTTP/1.0" 200 320 "http://crm.ru/?enter=1" "Mozilla/5.0 (Windows NT 10.0; WOW64) AppleWebKit/537.36 (KHTML, like Gecko) Chrome/65.0.3325.181 YaBrowser/18.4.1.871 Yowser/2.5 Safari/537.36"
37.204.165.170 - - [16/Jun/2018:19:49:14 +0300] "GET /jquery-ui/development-bundle/themes/base/jquery.ui.button.css HTTP/1.0" 200 314 "http://crm.ru/?enter=1" "Mozilla/5.0 (Windows NT 10.0; WOW64) AppleWebKit/537.36 (KHTML, like Gecko) Chrome/65.0.3325.181 YaBrowser/18.4.1.871 Yowser/2.5 Safari/537.36"
37.204.165.170 - - [16/Jun/2018:19:49:14 +0300] "GET /jquery-ui/development-bundle/themes/base/jquery.ui.dialog.css HTTP/1.0" 200 314 "http://crm.ru/?enter=1" "Mozilla/5.0 (Windows NT 10.0; WOW64) AppleWebKit/537.36 (KHTML, like Gecko) Chrome/65.0.3325.181 YaBrowser/18.4.1.871 Yowser/2.5 Safari/537.36"
37.204.165.170 - - [16/Jun/2018:19:49:14 +0300] "GET /jquery-ui/development-bundle/themes/base/jquery.ui.slider.css HTTP/1.0" 200 314 "http://crm.ru/?enter=1" "Mozilla/5.0 (Windows NT 10.0; WOW64) AppleWebKit/537.36 (KHTML, like Gecko) Chrome/65.0.3325.181 YaBrowser/18.4.1.871 Yowser/2.5 Safari/537.36"
37.204.165.170 - - [16/Jun/2018:19:49:14 +0300] "GET /jquery-ui/development-bundle/themes/base/jquery.ui.tabs.css HTTP/1.0" 200 312 "http://crm.ru/?enter=1" "Mozilla/5.0 (Windows NT 10.0; WOW64) AppleWebKit/537.36 (KHTML, like Gecko) Chrome/65.0.3325.181 YaBrowser/18.4.1.871 Yowser/2.5 Safari/537.36"
37.204.165.170 - - [16/Jun/2018:19:49:14 +0300] "GET /jquery-ui/development-bundle/themes/base/jquery.ui.datepicker.css HTTP/1.0" 200 318 "http://crm.ru/?enter=1" "Mozilla/5.0 (Windows NT 10.0; WOW64) AppleWebKit/537.36 (KHTML, like Gecko) Chrome/65.0.3325.181 YaBrowser/18.4.1.871 Yowser/2.5 Safari/537.36"
37.204.165.170 - - [16/Jun/2018:19:49:14 +0300] "GET /jquery-ui/development-bundle/themes/base/jquery.ui.progressbar.css HTTP/1.0" 200 674 "http://crm.ru/?enter=1" "Mozilla/5.0 (Windows NT 10.0; WOW64) AppleWebKit/537.36 (KHTML, like Gecko) Chrome/65.0.3325.181 YaBrowser/18.4.1.871 Yowser/2.5 Safari/537.36"
37.204.165.170 - - [16/Jun/2018:19:49:14 +0300] "GET /index_files/home.png HTTP/1.0" 200 451 "http://crm.ru/?enter=1" "Mozilla/5.0 (Windows NT 10.0; WOW64) AppleWebKit/537.36 (KHTML, like Gecko) Chrome/65.0.3325.181 YaBrowser/18.4.1.871 Yowser/2.5 Safari/537.36"
37.204.165.170 - - [16/Jun/2018:19:49:14 +0300] "GET /index_files/sitemap.png HTTP/1.0" 200 473 "http://crm.ru/?enter=1" "Mozilla/5.0 (Windows NT 10.0; WOW64) AppleWebKit/537.36 (KHTML, like Gecko) Chrome/65.0.3325.181 YaBrowser/18.4.1.871 Yowser/2.5 Safari/537.36"
37.204.165.170 - - [16/Jun/2018:19:49:14 +0300] "GET /index_files/slogan.png HTTP/1.0" 200 276 "http://crm.ru/?enter=1" "Mozilla/5.0 (Windows NT 10.0; WOW64) AppleWebKit/537.36 (KHTML, like Gecko) Chrome/65.0.3325.181 YaBrowser/18.4.1.871 Yowser/2.5 Safari/537.36"
37.204.165.170 - - [16/Jun/2018:19:49:14 +0300] "GET /index_files/top-phones.png HTTP/1.0" 200 280 "http://crm.ru/?enter=1" "Mozilla/5.0 (Windows NT 10.0; WOW64) AppleWebKit/537.36 (KHTML, like Gecko) Chrome/65.0.3325.181 YaBrowser/18.4.1.871 Yowser/2.5 Safari/537.36"
37.204.165.170 - - [16/Jun/2018:19:49:14 +0300] "GET /index_files/mail.png HTTP/1.0" 200 449 "http://crm.ru/?enter=1" "Mozilla/5.0 (Windows NT 10.0; WOW64) AppleWebKit/537.36 (KHTML, like Gecko) Chrome/65.0.3325.181 YaBrowser/18.4.1.871 Yowser/2.5 Safari/537.36"
37.204.165.170 - - [16/Jun/2018:19:49:14 +0300] "GET /index_files/mobile-phone.png HTTP/1.0" 200 282 "http://crm.ru/?enter=1" "Mozilla/5.0 (Windows NT 10.0; WOW64) AppleWebKit/537.36 (KHTML, like Gecko) Chrome/65.0.3325.181 YaBrowser/18.4.1.871 Yowser/2.5 Safari/537.36"
37.204.165.170 - - [16/Jun/2018:19:49:14 +0300] "GET /images/otziv_title.gif HTTP/1.0" 200 754 "http://crm.ru/?enter=1" "Mozilla/5.0 (Windows NT 10.0; WOW64) AppleWebKit/537.36 (KHTML, like Gecko) Chrome/65.0.3325.181 YaBrowser/18.4.1.871 Yowser/2.5 Safari/537.36"
37.204.165.170 - - [16/Jun/2018:19:49:14 +0300] "GET /fancybox/fancybox.png HTTP/1.0" 200 275 "http://crm.ru/fancybox/jquery.fancybox-1.3.4.css" "Mozilla/5.0 (Windows NT 10.0; WOW64) AppleWebKit/537.36 (KHTML, like Gecko) Chrome/65.0.3325.181 YaBrowser/18.4.1.871 Yowser/2.5 Safari/537.36"
37.204.165.170 - - [16/Jun/2018:19:49:14 +0300] "GET /images/popup_close.gif HTTP/1.0" 200 372 "http://crm.ru/?enter=1" "Mozilla/5.0 (Windows NT 10.0; WOW64) AppleWebKit/537.36 (KHTML, like Gecko) Chrome/65.0.3325.181 YaBrowser/18.4.1.871 Yowser/2.5 Safari/537.36"
37.204.165.170 - - [16/Jun/2018:19:49:14 +0300] "GET /images/schet_title.gif HTTP/1.0" 200 1018 "http://crm.ru/?enter=1" "Mozilla/5.0 (Windows NT 10.0; WOW64) AppleWebKit/537.36 (KHTML, like Gecko) Chrome/65.0.3325.181 YaBrowser/18.4.1.871 Yowser/2.5 Safari/537.36"
37.204.165.170 - - [16/Jun/2018:19:49:14 +0300] "GET /images/print_btn.gif HTTP/1.0" 200 826 "http://crm.ru/?enter=1" "Mozilla/5.0 (Windows NT 10.0; WOW64) AppleWebKit/537.36 (KHTML, like Gecko) Chrome/65.0.3325.181 YaBrowser/18.4.1.871 Yowser/2.5 Safari/537.36"
37.204.165.170 - - [16/Jun/2018:19:49:14 +0300] "GET /login.php HTTP/1.0" 200 1402 "http://crm.ru/?enter=1" "Mozilla/5.0 (Windows NT 10.0; WOW64) AppleWebKit/537.36 (KHTML, like Gecko) Chrome/65.0.3325.181 YaBrowser/18.4.1.871 Yowser/2.5 Safari/537.36"
37.204.165.170 - - [16/Jun/2018:19:49:14 +0300] "GET /fancybox/blank.gif HTTP/1.0" 200 340 "http://crm.ru/fancybox/jquery.fancybox-1.3.4.css" "Mozilla/5.0 (Windows NT 10.0; WOW64) AppleWebKit/537.36 (KHTML, like Gecko) Chrome/65.0.3325.181 YaBrowser/18.4.1.871 Yowser/2.5 Safari/537.36"
37.204.165.170 - - [16/Jun/2018:19:49:14 +0300] "GET /fancybox/fancybox-y.png HTTP/1.0" 200 474 "http://crm.ru/fancybox/jquery.fancybox-1.3.4.css" "Mozilla/5.0 (Windows NT 10.0; WOW64) AppleWebKit/537.36 (KHTML, like Gecko) Chrome/65.0.3325.181 YaBrowser/18.4.1.871 Yowser/2.5 Safari/537.36"
37.204.165.170 - - [16/Jun/2018:19:49:14 +0300] "GET /fancybox/fancybox-x.png HTTP/1.0" 200 501 "http://crm.ru/fancybox/jquery.fancybox-1.3.4.css" "Mozilla/5.0 (Windows NT 10.0; WOW64) AppleWebKit/537.36 (KHTML, like Gecko) Chrome/65.0.3325.181 YaBrowser/18.4.1.871 Yowser/2.5 Safari/537.36"
83.217.216.174 - - [16/Jun/2018:19:49:10 +0300] "GET /orders_cash/?filter=1&order_type=-&order_project=lm&number=&date1=16.06.2018&date2=16.06.2018&pay_type=-&project=-&operator=- HTTP/1.0" 200 140343 "http://crm.ru/orders_cash/" "Mozilla/5.0 (Windows NT 6.1) AppleWebKit/537.36 (KHTML, like Gecko) Chrome/55.0.2883.87 Safari/537.36"
37.204.165.170 - - [16/Jun/2018:19:49:16 +0300] "POST /login.php HTTP/1.0" 200 411 "http://crm.ru/?enter=1" "Mozilla/5.0 (Windows NT 10.0; WOW64) AppleWebKit/537.36 (KHTML, like Gecko) Chrome/65.0.3325.181 YaBrowser/18.4.1.871 Yowser/2.5 Safari/537.36"
37.204.165.170 - - [16/Jun/2018:19:49:16 +0300] "GET /user/1/ HTTP/1.0" 200 26469 "http://crm.ru/?enter=1" "Mozilla/5.0 (Windows NT 10.0; WOW64) AppleWebKit/537.36 (KHTML, like Gecko) Chrome/65.0.3325.181 YaBrowser/18.4.1.871 Yowser/2.5 Safari/537.36"
37.204.165.170 - - [16/Jun/2018:19:49:17 +0300] "POST /ajax/ip-drivers.php HTTP/1.0" 200 420 "http://crm.ru/user/1/" "Mozilla/5.0 (Windows NT 10.0; WOW64) AppleWebKit/537.36 (KHTML, like Gecko) Chrome/65.0.3325.181 YaBrowser/18.4.1.871 Yowser/2.5 Safari/537.36"
37.204.165.170 - - [16/Jun/2018:19:49:18 +0300] "GET /user/2/ HTTP/1.0" 200 37018 "http://crm.ru/user/1/" "Mozilla/5.0 (Windows NT 10.0; WOW64) AppleWebKit/537.36 (KHTML, like Gecko) Chrome/65.0.3325.181 YaBrowser/18.4.1.871 Yowser/2.5 Safari/537.36"
85.198.70.230 - - [16/Jun/2018:19:49:18 +0300] "GET /logist/edit/?filter=1&number=&date1=17.06.2018&date2=17.06.2018&time_from=&time_to=&project=&client=0&driver=&ip=&f1=&route=0&org=0&manager=0&price_from=&price_to= HTTP/1.0" 200 422395 "http://crm.ru/logist/edit/?filter=1&number=&date1=17.06.2018&date2=17.06.2018&time_from=8&time_to=13&project=&client=0&driver=&ip=&f1=&route=0&org=0&manager=0&price_from=&price_to=" "Mozilla/5.0 (Windows NT 6.1) AppleWebKit/537.36 (KHTML, like Gecko) Chrome/55.0.2883.87 Safari/537.36"
37.204.165.170 - - [16/Jun/2018:19:49:22 +0300] "GET /user/2/ HTTP/1.0" 200 37018 "http://crm.ru/user/1/" "Mozilla/5.0 (Windows NT 10.0; WOW64) AppleWebKit/537.36 (KHTML, like Gecko) Chrome/65.0.3325.181 YaBrowser/18.4.1.871 Yowser/2.5 Safari/537.36"
37.204.165.170 - - [16/Jun/2018:19:49:23 +0300] "GET /favicon.ico HTTP/1.0" 200 280 "http://crm.ru/user/2/" "Mozilla/5.0 (Windows NT 10.0; WOW64) AppleWebKit/537.36 (KHTML, like Gecko) Chrome/65.0.3325.181 YaBrowser/18.4.1.871 Yowser/2.5 Safari/537.36"
194.186.187.246 - - [16/Jun/2018:19:49:24 +0300] "GET /user/1/favicon.ico HTTP/1.0" 200 17919 "-" "Mozilla/5.0 (Windows NT 6.1) AppleWebKit/537.36 (KHTML, like Gecko) Chrome/65.0.3325.181 YaBrowser/18.4.1.871 Yowser/2.5 Safari/537.36"
185.6.173.211 - - [16/Jun/2018:19:49:26 +0300] "GET /ajax/drivers-json.php?term=%D0%BC%D0%B0%D0%BC%D0%B0%D1%81%D0%B0 HTTP/1.0" 200 641 "http://crm.ru/company/other/orders/?filter=1&number=&date1=16.06.2018&date2=16.06.2018&time_from=&time_to=&status%5B%5D=%D0%9F%D0%B5%D1%80%D0%B5%D0%B4%D0%B0%D0%BD+%D0%BA%D1%83%D1%80%D1%8C%D0%B5%D1%80%D1%83&driver=%D0%94%D0%BC%D0%B8%D1%82%D1%80%D0%B8%D0%B5%D0%B2+%D0%90%D0%BB%D0%B5%D0%BA%D1%81%D0%B5%D0%B9+%7C+4208&client=0&pay_type=0&region%5B%5D=%D0%9C%D0%BE%D1%81%D0%BA%D0%B2%D0%B0" "Mozilla/5.0 (Windows NT 6.1; Win64; x64) AppleWebKit/537.36 (KHTML, like Gecko) Chrome/67.0.3396.87 Safari/537.36"
37.204.165.170 - - [16/Jun/2018:19:49:26 +0300] "GET /user/2/ HTTP/1.0" 200 37018 "http://crm.ru/user/1/" "Mozilla/5.0 (Windows NT 10.0; WOW64) AppleWebKit/537.36 (KHTML, like Gecko) Chrome/65.0.3325.181 YaBrowser/18.4.1.871 Yowser/2.5 Safari/537.36"
37.204.165.170 - - [16/Jun/2018:19:49:27 +0300] "GET /favicon.ico HTTP/1.0" 200 280 "http://crm.ru/user/2/" "Mozilla/5.0 (Windows NT 10.0; WOW64) AppleWebKit/537.36 (KHTML, like Gecko) Chrome/65.0.3325.181 YaBrowser/18.4.1.871 Yowser/2.5 Safari/537.36"
37.204.165.170 - - [16/Jun/2018:19:49:27 +0300] "GET /user/2/ HTTP/1.0" 200 37018 "http://crm.ru/user/1/" "Mozilla/5.0 (Windows NT 10.0; WOW64) AppleWebKit/537.36 (KHTML, like Gecko) Chrome/65.0.3325.181 YaBrowser/18.4.1.871 Yowser/2.5 Safari/537.36"
37.204.165.170 - - [16/Jun/2018:19:49:28 +0300] "GET /favicon.ico HTTP/1.0" 200 280 "http://crm.ru/user/2/" "Mozilla/5.0 (Windows NT 10.0; WOW64) AppleWebKit/537.36 (KHTML, like Gecko) Chrome/65.0.3325.181 YaBrowser/18.4.1.871 Yowser/2.5 Safari/537.36"
37.204.165.170 - - [16/Jun/2018:19:49:28 +0300] "GET /user/2/ HTTP/1.0" 200 37018 "http://crm.ru/user/1/" "Mozilla/5.0 (Windows NT 10.0; WOW64) AppleWebKit/537.36 (KHTML, like Gecko) Chrome/65.0.3325.181 YaBrowser/18.4.1.871 Yowser/2.5 Safari/537.36"
37.204.165.170 - - [16/Jun/2018:19:49:28 +0300] "GET /favicon.ico HTTP/1.0" 200 280 "http://crm.ru/user/2/" "Mozilla/5.0 (Windows NT 10.0; WOW64) AppleWebKit/537.36 (KHTML, like Gecko) Chrome/65.0.3325.181 YaBrowser/18.4.1.871 Yowser/2.5 Safari/537.36"
37.204.165.170 - - [16/Jun/2018:19:49:29 +0300] "GET /user/2/ HTTP/1.0" 200 37018 "http://crm.ru/user/1/" "Mozilla/5.0 (Windows NT 10.0; WOW64) AppleWebKit/537.36 (KHTML, like Gecko) Chrome/65.0.3325.181 YaBrowser/18.4.1.871 Yowser/2.5 Safari/537.36"
185.6.173.211 - - [16/Jun/2018:19:49:29 +0300] "GET /company/other/orders/?filter=1&number=&date1=16.06.2018&date2=16.06.2018&time_from=&time_to=&status%5B%5D=%D0%9F%D0%B5%D1%80%D0%B5%D0%B4%D0%B0%D0%BD+%D0%BA%D1%83%D1%80%D1%8C%D0%B5%D1%80%D1%83&driver=%D0%9C%D0%B0%D0%BC%D0%B0%D1%81%D0%B0%D0%B4%D1%8B%D0%BA%D0%BE%D0%B2+%D0%9A%D1%83%D1%88%D1%82%D0%B0%D1%80%D0%B1%D0%B5%D0%BA+%7C+4908&client=0&pay_type=0&region%5B%5D=%D0%9C%D0%BE%D1%81%D0%BA%D0%B2%D0%B0 HTTP/1.0" 200 77605 "http://crm.ru/company/other/orders/?filter=1&number=&date1=16.06.2018&date2=16.06.2018&time_from=&time_to=&status%5B%5D=%D0%9F%D0%B5%D1%80%D0%B5%D0%B4%D0%B0%D0%BD+%D0%BA%D1%83%D1%80%D1%8C%D0%B5%D1%80%D1%83&driver=%D0%94%D0%BC%D0%B8%D1%82%D1%80%D0%B8%D0%B5%D0%B2+%D0%90%D0%BB%D0%B5%D0%BA%D1%81%D0%B5%D0%B9+%7C+4208&client=0&pay_type=0&region%5B%5D=%D0%9C%D0%BE%D1%81%D0%BA%D0%B2%D0%B0" "Mozilla/5.0 (Windows NT 6.1; Win64; x64) AppleWebKit/537.36 (KHTML, like Gecko) Chrome/67.0.3396.87 Safari/537.36"
37.204.165.170 - - [16/Jun/2018:19:49:29 +0300] "GET /favicon.ico HTTP/1.0" 200 280 "http://crm.ru/user/2/" "Mozilla/5.0 (Windows NT 10.0; WOW64) AppleWebKit/537.36 (KHTML, like Gecko) Chrome/65.0.3325.181 YaBrowser/18.4.1.871 Yowser/2.5 Safari/537.36"
83.217.216.174 - - [16/Jun/2018:19:49:33 +0300] "GET /js/select2/select2-spinner.gif HTTP/1.0" 200 284 "http://crm.ru/js/select2/select2.css" "Mozilla/5.0 (Windows NT 6.1) AppleWebKit/537.36 (KHTML, like Gecko) Chrome/55.0.2883.87 Safari/537.36"
185.6.173.211 - - [16/Jun/2018:19:49:33 +0300] "GET /company/other/orders/?filter=1&number=&date1=16.06.2018&date2=16.06.2018&time_from=&time_to=&status%5B%5D=%D0%9F%D0%B5%D1%80%D0%B5%D0%B4%D0%B0%D0%BD+%D0%BA%D1%83%D1%80%D1%8C%D0%B5%D1%80%D1%83&driver=%D0%9C%D0%B0%D0%BC%D0%B0%D1%81%D0%B0%D0%B4%D1%8B%D0%BA%D0%BE%D0%B2+%D0%9A%D1%83%D1%88%D1%82%D0%B0%D1%80%D0%B1%D0%B5%D0%BA+%7C+4908&client=0&pay_type=0&region%5B%5D=%D0%9C%D0%BE%D1%81%D0%BA%D0%B2%D0%B0 HTTP/1.0" 200 77605 "http://crm.ru/company/other/orders/?filter=1&number=&date1=16.06.2018&date2=16.06.2018&time_from=&time_to=&status%5B%5D=%D0%9F%D0%B5%D1%80%D0%B5%D0%B4%D0%B0%D0%BD+%D0%BA%D1%83%D1%80%D1%8C%D0%B5%D1%80%D1%83&driver=%D0%9C%D0%B0%D0%BC%D0%B0%D1%81%D0%B0%D0%B4%D1%8B%D0%BA%D0%BE%D0%B2+%D0%9A%D1%83%D1%88%D1%82%D0%B0%D1%80%D0%B1%D0%B5%D0%BA+%7C+4908&client=0&pay_type=0&region%5B%5D=%D0%9C%D0%BE%D1%81%D0%BA%D0%B2%D0%B0" "Mozilla/5.0 (Windows NT 6.1; Win64; x64) AppleWebKit/537.36 (KHTML, like Gecko) Chrome/67.0.3396.87 Safari/537.36"
37.204.165.170 - - [16/Jun/2018:19:49:35 +0300] "GET /user/2/ HTTP/1.0" 200 37018 "http://crm.ru/user/1/" "Mozilla/5.0 (Windows NT 10.0; WOW64) AppleWebKit/537.36 (KHTML, like Gecko) Chrome/65.0.3325.181 YaBrowser/18.4.1.871 Yowser/2.5 Safari/537.36"
37.204.165.170 - - [16/Jun/2018:19:49:35 +0300] "GET /favicon.ico HTTP/1.0" 200 280 "http://crm.ru/user/2/" "Mozilla/5.0 (Windows NT 10.0; WOW64) AppleWebKit/537.36 (KHTML, like Gecko) Chrome/65.0.3325.181 YaBrowser/18.4.1.871 Yowser/2.5 Safari/537.36"
37.204.165.170 - - [16/Jun/2018:19:49:35 +0300] "GET /user/2/ HTTP/1.0" 200 37018 "http://crm.ru/user/1/" "Mozilla/5.0 (Windows NT 10.0; WOW64) AppleWebKit/537.36 (KHTML, like Gecko) Chrome/65.0.3325.181 YaBrowser/18.4.1.871 Yowser/2.5 Safari/537.36"
37.204.165.170 - - [16/Jun/2018:19:49:36 +0300] "GET /favicon.ico HTTP/1.0" 200 280 "http://crm.ru/user/2/" "Mozilla/5.0 (Windows NT 10.0; WOW64) AppleWebKit/537.36 (KHTML, like Gecko) Chrome/65.0.3325.181 YaBrowser/18.4.1.871 Yowser/2.5 Safari/537.36"
37.204.165.170 - - [16/Jun/2018:19:49:36 +0300] "GET /user/2/ HTTP/1.0" 200 37018 "http://crm.ru/user/1/" "Mozilla/5.0 (Windows NT 10.0; WOW64) AppleWebKit/537.36 (KHTML, like Gecko) Chrome/65.0.3325.181 YaBrowser/18.4.1.871 Yowser/2.5 Safari/537.36"
37.204.165.170 - - [16/Jun/2018:19:49:36 +0300] "GET /favicon.ico HTTP/1.0" 200 280 "http://crm.ru/user/2/" "Mozilla/5.0 (Windows NT 10.0; WOW64) AppleWebKit/537.36 (KHTML, like Gecko) Chrome/65.0.3325.181 YaBrowser/18.4.1.871 Yowser/2.5 Safari/537.36"
37.204.165.170 - - [16/Jun/2018:19:49:38 +0300] "GET /user/2/ HTTP/1.0" 200 37018 "http://crm.ru/user/1/" "Mozilla/5.0 (Windows NT 10.0; WOW64) AppleWebKit/537.36 (KHTML, like Gecko) Chrome/65.0.3325.181 YaBrowser/18.4.1.871 Yowser/2.5 Safari/537.36"
37.204.165.170 - - [16/Jun/2018:19:49:38 +0300] "GET /favicon.ico HTTP/1.0" 200 280 "http://crm.ru/user/2/" "Mozilla/5.0 (Windows NT 10.0; WOW64) AppleWebKit/537.36 (KHTML, like Gecko) Chrome/65.0.3325.181 YaBrowser/18.4.1.871 Yowser/2.5 Safari/537.36"
83.217.216.174 - - [16/Jun/2018:19:49:35 +0300] "GET /orders_cash/?filter=1&order_type=-&order_project=lm&number=&date1=16.06.2018&date2=16.06.2018&pay_type=2&project=- HTTP/1.0" 200 105252 "http://crm.ru/orders_cash/?filter=1&order_type=-&order_project=lm&number=&date1=16.06.2018&date2=16.06.2018&pay_type=-&project=-&operator=-&operator_name=%D1%88%D0%B5%D0%BB%D0%BE%D0%B1%D0%B0%D0%BD%D0%BE%D0%B2%D0%B0" "Mozilla/5.0 (Windows NT 6.1) AppleWebKit/537.36 (KHTML, like Gecko) Chrome/55.0.2883.87 Safari/537.36"
95.108.244.49 - - [16/Jun/2018:19:50:04 +0300] "GET /clients_other/favicon.ico HTTP/1.0" 200 17920 "-" "Mozilla/5.0 (Windows NT 6.1) AppleWebKit/537.36 (KHTML, like Gecko) Chrome/65.0.3325.181 YaBrowser/18.4.1.871 Yowser/2.5 Safari/537.36"
94.130.72.51 - - [16/Jun/2018:19:50:11 +0300] "GET /import/check.php HTTP/1.0" 200 210 "-" "Wget/1.17.1 (linux-gnu)"
185.6.173.211 - - [16/Jun/2018:19:50:18 +0300] "GET /xmlOrders.php?from=16.06.2018&to=26.06.2018&file=1 HTTP/1.0" 200 2808845 "-" "1C+Enterprise/8.3"
94.25.170.188 - - [16/Jun/2018:19:50:20 +0300] "GET /user/2/?quit=1 HTTP/1.0" 302 366 "http://crm.ru/user/2/" "Mozilla/5.0 (Windows NT 6.1) AppleWebKit/537.36 (KHTML, like Gecko) Chrome/65.0.3325.181 YaBrowser/18.4.1.871 Yowser/2.5 Safari/537.36"
94.25.170.188 - - [16/Jun/2018:19:50:20 +0300] "GET / HTTP/1.0" 200 17862 "http://crm.ru/user/2/" "Mozilla/5.0 (Windows NT 6.1) AppleWebKit/537.36 (KHTML, like Gecko) Chrome/65.0.3325.181 YaBrowser/18.4.1.871 Yowser/2.5 Safari/537.36"
194.186.187.246 - - [16/Jun/2018:19:50:24 +0300] "GET /user/1/favicon.ico HTTP/1.0" 200 17919 "-" "Mozilla/5.0 (Windows NT 6.1) AppleWebKit/537.36 (KHTML, like Gecko) Chrome/65.0.3325.181 YaBrowser/18.4.1.871 Yowser/2.5 Safari/537.36"
94.25.170.188 - - [16/Jun/2018:19:50:24 +0300] "GET /login.php HTTP/1.0" 200 1402 "http://crm.ru/" "Mozilla/5.0 (Windows NT 6.1) AppleWebKit/537.36 (KHTML, like Gecko) Chrome/65.0.3325.181 YaBrowser/18.4.1.871 Yowser/2.5 Safari/537.36"
94.25.170.188 - - [16/Jun/2018:19:50:29 +0300] "POST /login.php HTTP/1.0" 200 411 "http://crm.ru/" "Mozilla/5.0 (Windows NT 6.1) AppleWebKit/537.36 (KHTML, like Gecko) Chrome/65.0.3325.181 YaBrowser/18.4.1.871 Yowser/2.5 Safari/537.36"
94.25.170.188 - - [16/Jun/2018:19:50:30 +0300] "GET /user/1/ HTTP/1.0" 200 26455 "http://crm.ru/" "Mozilla/5.0 (Windows NT 6.1) AppleWebKit/537.36 (KHTML, like Gecko) Chrome/65.0.3325.181 YaBrowser/18.4.1.871 Yowser/2.5 Safari/537.36"
94.25.170.188 - - [16/Jun/2018:19:50:32 +0300] "POST /ajax/ip-drivers.php HTTP/1.0" 200 420 "http://crm.ru/user/1/" "Mozilla/5.0 (Windows NT 6.1) AppleWebKit/537.36 (KHTML, like Gecko) Chrome/65.0.3325.181 YaBrowser/18.4.1.871 Yowser/2.5 Safari/537.36"
94.25.170.188 - - [16/Jun/2018:19:50:35 +0300] "GET /user/2/ HTTP/1.0" 200 61576 "http://crm.ru/user/1/" "Mozilla/5.0 (Windows NT 6.1) AppleWebKit/537.36 (KHTML, like Gecko) Chrome/65.0.3325.181 YaBrowser/18.4.1.871 Yowser/2.5 Safari/537.36"
83.217.219.51 - - [16/Jun/2018:19:50:37 +0300] "GET /logist/new/ HTTP/1.0" 200 19973 "http://crm.ru/logist/edit/?filter=1&number=&date1=17.06.2018&date2=17.06.2018&time_from=&time_to=&project=&client=0&driver=&ip=&f1=&route=0&org=0&manager=0&price_from=&price_to=" "Mozilla/5.0 (Windows NT 6.1) AppleWebKit/537.36 (KHTML, like Gecko) Chrome/67.0.3396.87 Safari/537.36"
83.217.219.51 - - [16/Jun/2018:19:50:42 +0300] "GET /ajax/projects-json.php?term=%D0%BF HTTP/1.0" 200 417 "http://crm.ru/logist/new/" "Mozilla/5.0 (Windows NT 6.1) AppleWebKit/537.36 (KHTML, like Gecko) Chrome/67.0.3396.87 Safari/537.36"
2a01:4f8:211:17e8::2 - - [16/Jun/2018:19:50:49 +0300] "GET /import/xls_orders_lm.php?f=1529167849.xls HTTP/1.0" 200 868 "-" "-"
83.217.219.51 - - [16/Jun/2018:19:50:49 +0300] "POST /logist/new/ HTTP/1.0" 200 20445 "http://crm.ru/logist/new/" "Mozilla/5.0 (Windows NT 6.1) AppleWebKit/537.36 (KHTML, like Gecko) Chrome/67.0.3396.87 Safari/537.36"
83.217.219.51 - - [16/Jun/2018:19:50:52 +0300] "GET /logist/edit/ HTTP/1.0" 200 321249 "http://crm.ru/logist/new/" "Mozilla/5.0 (Windows NT 6.1) AppleWebKit/537.36 (KHTML, like Gecko) Chrome/67.0.3396.87 Safari/537.36"
95.108.225.216 - - [16/Jun/2018:19:51:04 +0300] "GET /clients_other/favicon.ico HTTP/1.0" 200 17920 "-" "Mozilla/5.0 (Windows NT 6.1) AppleWebKit/537.36 (KHTML, like Gecko) Chrome/65.0.3325.181 YaBrowser/18.4.1.871 Yowser/2.5 Safari/537.36"
85.198.70.230 - - [16/Jun/2018:19:51:08 +0300] "GET /logist/new/ HTTP/1.0" 200 19969 "http://crm.ru/logist/edit/?filter=1&number=&date1=17.06.2018&date2=17.06.2018&time_from=&time_to=&project=&client=0&driver=&ip=&f1=&route=0&org=0&manager=0&price_from=&price_to=" "Mozilla/5.0 (Windows NT 6.1) AppleWebKit/537.36 (KHTML, like Gecko) Chrome/55.0.2883.87 Safari/537.36"
85.198.70.230 - - [16/Jun/2018:19:51:12 +0300] "GET /ajax/projects-json.php?term=l HTTP/1.0" 200 407 "http://crm.ru/logist/new/" "Mozilla/5.0 (Windows NT 6.1) AppleWebKit/537.36 (KHTML, like Gecko) Chrome/55.0.2883.87 Safari/537.36"
176.59.37.177 - - [16/Jun/2018:19:51:17 +0300] "GET /?enter=1 HTTP/1.0" 200 18075 "http://m.ru/" "Mozilla/5.0 (Linux; Android 4.4.2; BQ7008G Build/KOT49H) AppleWebKit/537.36 (KHTML, like Gecko) Chrome/63.0.3239.132 YaBrowser/18.1.2.70.01 Safari/537.36"
176.59.37.177 - - [16/Jun/2018:19:51:18 +0300] "GET /index_files/default.css HTTP/1.0" 200 276 "http://crm.ru/?enter=1" "Mozilla/5.0 (Linux; Android 4.4.2; BQ7008G Build/KOT49H) AppleWebKit/537.36 (KHTML, like Gecko) Chrome/63.0.3239.132 YaBrowser/18.1.2.70.01 Safari/537.36"
176.59.37.177 - - [16/Jun/2018:19:51:18 +0300] "GET /calendar/utils.js HTTP/1.0" 200 284 "http://crm.ru/?enter=1" "Mozilla/5.0 (Linux; Android 4.4.2; BQ7008G Build/KOT49H) AppleWebKit/537.36 (KHTML, like Gecko) Chrome/63.0.3239.132 YaBrowser/18.1.2.70.01 Safari/537.36"
176.59.37.177 - - [16/Jun/2018:19:51:18 +0300] "GET /index_files/main.css?v=1.3 HTTP/1.0" 200 273 "http://crm.ru/?enter=1" "Mozilla/5.0 (Linux; Android 4.4.2; BQ7008G Build/KOT49H) AppleWebKit/537.36 (KHTML, like Gecko) Chrome/63.0.3239.132 YaBrowser/18.1.2.70.01 Safari/537.36"
176.59.37.177 - - [16/Jun/2018:19:51:18 +0300] "GET /jquery-1.7.1.min.js HTTP/1.0" 200 286 "http://crm.ru/?enter=1" "Mozilla/5.0 (Linux; Android 4.4.2; BQ7008G Build/KOT49H) AppleWebKit/537.36 (KHTML, like Gecko) Chrome/63.0.3239.132 YaBrowser/18.1.2.70.01 Safari/537.36"
176.59.37.177 - - [16/Jun/2018:19:51:18 +0300] "GET /calendar/datepicker.js HTTP/1.0" 200 289 "http://crm.ru/?enter=1" "Mozilla/5.0 (Linux; Android 4.4.2; BQ7008G Build/KOT49H) AppleWebKit/537.36 (KHTML, like Gecko) Chrome/63.0.3239.132 YaBrowser/18.1.2.70.01 Safari/537.36"
176.59.37.177 - - [16/Jun/2018:19:51:18 +0300] "GET /calendar/eye.js HTTP/1.0" 200 882 "http://crm.ru/?enter=1" "Mozilla/5.0 (Linux; Android 4.4.2; BQ7008G Build/KOT49H) AppleWebKit/537.36 (KHTML, like Gecko) Chrome/63.0.3239.132 YaBrowser/18.1.2.70.01 Safari/537.36"
176.59.37.177 - - [16/Jun/2018:19:51:18 +0300] "GET /jquery.form.min.js HTTP/1.0" 200 285 "http://crm.ru/?enter=1" "Mozilla/5.0 (Linux; Android 4.4.2; BQ7008G Build/KOT49H) AppleWebKit/537.36 (KHTML, like Gecko) Chrome/63.0.3239.132 YaBrowser/18.1.2.70.01 Safari/537.36"
2a01:4f8:211:17e8::2 - - [16/Jun/2018:19:51:18 +0300] "GET /import/xls_orders_lm_new.php?f=1529167878.xls HTTP/1.0" 200 845 "-" "-"
85.198.70.230 - - [16/Jun/2018:19:51:18 +0300] "POST /logist/new/ HTTP/1.0" 200 787 "http://crm.ru/logist/new/" "Mozilla/5.0 (Windows NT 6.1) AppleWebKit/537.36 (KHTML, like Gecko) Chrome/55.0.2883.87 Safari/537.36"
176.59.37.177 - - [16/Jun/2018:19:51:18 +0300] "GET /calendar/datepicker.css HTTP/1.0" 200 276 "http://crm.ru/?enter=1" "Mozilla/5.0 (Linux; Android 4.4.2; BQ7008G Build/KOT49H) AppleWebKit/537.36 (KHTML, like Gecko) Chrome/63.0.3239.132 YaBrowser/18.1.2.70.01 Safari/537.36"
176.59.37.177 - - [16/Jun/2018:19:51:18 +0300] "GET /js/jquery.kladr.min.css HTTP/1.0" 200 1128 "http://crm.ru/?enter=1" "Mozilla/5.0 (Linux; Android 4.4.2; BQ7008G Build/KOT49H) AppleWebKit/537.36 (KHTML, like Gecko) Chrome/63.0.3239.132 YaBrowser/18.1.2.70.01 Safari/537.36"
176.59.37.177 - - [16/Jun/2018:19:51:19 +0300] "GET /style.css?v=1.1 HTTP/1.0" 200 262 "http://crm.ru/?enter=1" "Mozilla/5.0 (Linux; Android 4.4.2; BQ7008G Build/KOT49H) AppleWebKit/537.36 (KHTML, like Gecko) Chrome/63.0.3239.132 YaBrowser/18.1.2.70.01 Safari/537.36"
176.59.37.177 - - [16/Jun/2018:19:51:19 +0300] "GET /defaultTheme.css HTTP/1.0" 200 269 "http://crm.ru/?enter=1" "Mozilla/5.0 (Linux; Android 4.4.2; BQ7008G Build/KOT49H) AppleWebKit/537.36 (KHTML, like Gecko) Chrome/63.0.3239.132 YaBrowser/18.1.2.70.01 Safari/537.36"